// Jest Snapshot v1, https://goo.gl/fbAQLP

exports[`app test renders the app 1`] = `<Connect(AllCharacters) />`;
